npm error code ENOENT
npm error syscall open
npm error path /Users/ramihatoum/Desktop/app/DCS/package.json
npm error errno -2
npm error enoent Could not read package.json: Error: ENOENT: no such file or directory, open '/Users/ramihatoum/Desktop/app/DCS/package.json'
npm error enoent This is related to npm not being able to find a file.
npm error enoent
npm error A complete log of this run can be found in: /Users/ramihatoum/.npm/_logs/2025-10-16T13_20_12_470Z-debug-0.log
